// Vitest Snapshot v1

exports[`Counter.vue > should render 1`] = `"<div fon=\\"bold\\" text=\\"3xl\\" color=\\"black dark:gray:200\\">10 <button class=\\"inc\\">+</button><button class=\\"dec\\">-</button></div>"`;
